<?xml version="1.0" encoding="utf-8"?>
<CoverageSession xmlns:xsd="http://www.w3.org/2001/XMLSchema" xmlns:xsi="http://www.w3.org/2001/XMLSchema-instance">
  <Summary numSequencePoints="30" visitedSequencePoints="10" numBranchPoints="8" visitedBranchPoints="2" sequenceCoverage="33.33" branchCoverage="25" maxCyclomaticComplexity="1" minCyclomaticComplexity="1" visitedClasses="2" numClasses="6" visitedMethods="2" numMethods="8" />
  <Modules>
    <Module skippedDueTo="Filter" hash="8D-09-99-2C-CA-7C-FB-60-18-FC-0D-7D-34-97-25-D6-FE-64-AB-B6">
      <ModulePath>C:\Windows\Microsoft.Net\assembly\GAC_32\mscorlib\v4.0_4.0.0.0__b77a5c561934e089\mscorlib.dll</ModulePath>
      <ModuleTime>2016-03-02T14:40:22Z</ModuleTime>
      <ModuleName>mscorlib</ModuleName>
      <Classes />
    </Module>
    <Module skippedDueTo="MissingPdb" hash="5C-82-E3-E4-4E-4D-70-5F-6E-0A-28-83-6E-4A-AC-20-0D-55-85-C0">
      <ModulePath>C:\Program Files (x86)\Microsoft Visual Studio 14.0\Common7\IDE\MSTest.exe</ModulePath>
      <ModuleTime>2015-07-06T19:21:38Z</ModuleTime>
      <ModuleName>MSTest</ModuleName>
      <Classes />
    </Module>
    <Module skippedDueTo="MissingPdb" hash="2C-68-4E-D5-C1-3A-95-ED-B2-9B-A5-AC-35-83-4B-2A-92-7D-EC-71">
      <ModulePath>C:\Windows\assembly\GAC_MSIL\Microsoft.VisualStudio.QualityTools.Common\14.0.0.0__b03f5f7f11d50a3a\Microsoft.VisualStudio.QualityTools.Common.dll</ModulePath>
      <ModuleTime>2016-07-12T10:13:13.0282958Z</ModuleTime>
      <ModuleName>Microsoft.VisualStudio.QualityTools.Common</ModuleName>
      <Classes />
    </Module>
    <Module skippedDueTo="Filter" hash="10-12-A2-C6-A0-B8-51-63-D1-3A-89-CF-6B-26-F7-7D-C2-69-68-B0">
      <ModulePath>C:\Windows\Microsoft.Net\assembly\GAC_MSIL\System\v4.0_4.0.0.0__b77a5c561934e089\System.dll</ModulePath>
      <ModuleTime>2016-02-25T13:51:48Z</ModuleTime>
      <ModuleName>System</ModuleName>
      <Classes />
    </Module>
    <Module skippedDueTo="MissingPdb" hash="AA-3B-1D-46-19-3E-D3-88-43-47-D3-1C-48-42-12-21-60-87-13-47">
      <ModulePath>C:\Windows\assembly\GAC_MSIL\Microsoft.VisualStudio.QualityTools.ExecutionCommon\14.0.0.0__b03f5f7f11d50a3a\Microsoft.VisualStudio.QualityTools.ExecutionCommon.dll</ModulePath>
      <ModuleTime>2016-07-12T10:12:34.3004234Z</ModuleTime>
      <ModuleName>Microsoft.VisualStudio.QualityTools.ExecutionCommon</ModuleName>
      <Classes />
    </Module>
    <Module skippedDueTo="MissingPdb" hash="BA-37-91-08-FF-4E-E3-92-22-87-5C-B0-C4-31-B2-CD-D2-72-57-18">
      <ModulePath>C:\Windows\assembly\GAC_MSIL\Microsoft.VisualStudio.QualityTools.Resource\14.0.0.0__b03f5f7f11d50a3a\Microsoft.VisualStudio.QualityTools.Resource.dll</ModulePath>
      <ModuleTime>2016-07-12T10:12:34.3714305Z</ModuleTime>
      <ModuleName>Microsoft.VisualStudio.QualityTools.Resource</ModuleName>
      <Classes />
    </Module>
    <Module skippedDueTo="Filter" hash="9C-DB-95-DC-25-D5-38-7E-C2-3A-20-8F-14-5D-A9-56-2A-D7-00-E3">
      <ModulePath>C:\Windows\Microsoft.Net\assembly\GAC_MSIL\System.Configuration\v4.0_4.0.0.0__b03f5f7f11d50a3a\System.Configuration.dll</ModulePath>
      <ModuleTime>2015-11-05T15:06:48Z</ModuleTime>
      <ModuleName>System.Configuration</ModuleName>
      <Classes />
    </Module>
    <Module skippedDueTo="Filter" hash="CF-7C-5A-57-75-87-21-E0-D5-D9-A4-B6-6E-2E-33-17-9D-6C-8A-C2">
      <ModulePath>C:\Windows\Microsoft.Net\assembly\GAC_MSIL\System.Xml\v4.0_4.0.0.0__b77a5c561934e089\System.Xml.dll</ModulePath>
      <ModuleTime>2015-12-10T17:51:24Z</ModuleTime>
      <ModuleName>System.Xml</ModuleName>
      <Classes />
    </Module>
    <Module skippedDueTo="MissingPdb" hash="01-76-93-04-A0-DC-E8-05-99-10-09-82-2B-83-D9-A0-07-06-C8-E6">
      <ModulePath>C:\Windows\Microsoft.Net\assembly\GAC_MSIL\Microsoft.VisualStudio.QualityTools.CommandLine\v4.0_14.0.0.0__b03f5f7f11d50a3a\Microsoft.VisualStudio.QualityTools.CommandLine.dll</ModulePath>
      <ModuleTime>2016-07-12T10:12:34.2024136Z</ModuleTime>
      <ModuleName>Microsoft.VisualStudio.QualityTools.CommandLine</ModuleName>
      <Classes />
    </Module>
    <Module skippedDueTo="MissingPdb" hash="04-58-89-F2-0B-CE-93-0E-73-AA-3D-87-9D-5D-45-11-C0-02-86-EF">
      <ModulePath>C:\Windows\assembly\GAC_MSIL\Microsoft.VisualStudio.QualityTools.TMI\14.0.0.0__b03f5f7f11d50a3a\Microsoft.VisualStudio.QualityTools.TMI.dll</ModulePath>
      <ModuleTime>2016-07-12T10:12:34.6104544Z</ModuleTime>
      <ModuleName>Microsoft.VisualStudio.QualityTools.TMI</ModuleName>
      <Classes />
    </Module>
    <Module skippedDueTo="Filter" hash="6C-72-90-32-BD-6C-13-33-1B-BF-95-BB-29-8E-A9-4C-2E-7E-D3-86">
      <ModulePath>C:\Windows\Microsoft.Net\assembly\GAC_32\System.Data\v4.0_4.0.0.0__b77a5c561934e089\System.Data.dll</ModulePath>
      <ModuleTime>2015-11-05T15:06:48Z</ModuleTime>
      <ModuleName>System.Data</ModuleName>
      <Classes />
    </Module>
    <Module skippedDueTo="Filter" hash="53-BE-40-65-72-CF-40-9A-6B-43-AD-5D-1B-BB-67-61-8D-23-0F-4F">
      <ModulePath>C:\Windows\Microsoft.Net\assembly\GAC_MSIL\System.Numerics\v4.0_4.0.0.0__b77a5c561934e089\System.Numerics.dll</ModulePath>
      <ModuleTime>2015-11-05T15:06:48Z</ModuleTime>
      <ModuleName>System.Numerics</ModuleName>
      <Classes />
    </Module>
    <Module skippedDueTo="Filter" hash="65-D4-70-76-E1-CB-58-CB-08-19-3F-8F-B4-C8-14-92-BE-AC-31-C3">
      <ModulePath>C:\Windows\Microsoft.Net\assembly\GAC_32\System.Web\v4.0_4.0.0.0__b03f5f7f11d50a3a\System.Web.dll</ModulePath>
      <ModuleTime>2015-11-05T15:06:48Z</ModuleTime>
      <ModuleName>System.Web</ModuleName>
      <Classes />
    </Module>
    <Module skippedDueTo="Filter" hash="31-76-6A-81-5B-45-2B-B2-02-8C-E4-69-D2-C3-8F-87-B1-54-25-E8">
      <ModulePath>C:\Windows\Microsoft.Net\assembly\GAC_MSIL\System.Core\v4.0_4.0.0.0__b77a5c561934e089\System.Core.dll</ModulePath>
      <ModuleTime>2015-11-05T15:06:48Z</ModuleTime>
      <ModuleName>System.Core</ModuleName>
      <Classes />
    </Module>
    <Module skippedDueTo="MissingPdb" hash="00-2B-49-9F-4A-61-6D-2F-9C-36-4D-65-B2-02-E5-3F-54-FB-6D-36">
      <ModulePath>C:\Windows\assembly\GAC_MSIL\Microsoft.VisualStudio.QualityTools.Tips.UnitTest.Tip\14.0.0.0__b03f5f7f11d50a3a\Microsoft.VisualStudio.QualityTools.Tips.UnitTest.Tip.dll</ModulePath>
      <ModuleTime>2016-07-12T10:12:34.5584492Z</ModuleTime>
      <ModuleName>Microsoft.VisualStudio.QualityTools.Tips.UnitTest.Tip</ModuleName>
      <Classes />
    </Module>
    <Module skippedDueTo="MissingPdb" hash="08-45-77-C3-8B-8B-8E-34-A2-92-74-D2-A1-49-2F-C3-33-42-63-88">
      <ModulePath>C:\Windows\assembly\GAC_MSIL\Microsoft.VisualStudio.QualityTools.Tips.UnitTest.ObjectModel\14.0.0.0__b03f5f7f11d50a3a\Microsoft.VisualStudio.QualityTools.Tips.UnitTest.ObjectModel.dll</ModulePath>
      <ModuleTime>2016-07-12T10:12:34.7234657Z</ModuleTime>
      <ModuleName>Microsoft.VisualStudio.QualityTools.Tips.UnitTest.ObjectModel</ModuleName>
      <Classes />
    </Module>
    <Module skippedDueTo="MissingPdb" hash="9C-BD-10-0D-B6-DF-EE-2B-EB-27-DA-26-68-CD-C4-4A-48-7F-7B-09">
      <ModulePath>C:\Windows\assembly\GAC_MSIL\Microsoft.VisualStudio.QualityTools.UnitTestFramework\10.0.0.0__b03f5f7f11d50a3a\Microsoft.VisualStudio.QualityTools.UnitTestFramework.dll</ModulePath>
      <ModuleTime>2016-07-12T10:12:34.6554589Z</ModuleTime>
      <ModuleName>Microsoft.VisualStudio.QualityTools.UnitTestFramework</ModuleName>
      <Classes />
    </Module>
    <Module skippedDueTo="MissingPdb" hash="AA-88-B1-10-85-A9-09-82-99-D7-42-38-22-D6-CB-B7-60-62-C9-9C">
      <ModulePath>C:\Windows\assembly\GAC_MSIL\Microsoft.VisualStudio.QualityTools.Tips.UnitTest.AssemblyResolver\14.0.0.0__b03f5f7f11d50a3a\Microsoft.VisualStudio.QualityTools.Tips.UnitTest.AssemblyResolver.dll</ModulePath>
      <ModuleTime>2016-07-12T10:12:34.5794513Z</ModuleTime>
      <ModuleName>Microsoft.VisualStudio.QualityTools.Tips.UnitTest.AssemblyResolver</ModuleName>
      <Classes />
    </Module>
    <Module skippedDueTo="MissingPdb" hash="58-CE-A7-E0-D8-E6-8C-F3-F8-AF-F0-D2-A0-69-59-2C-79-81-21-97">
      <ModulePath>C:\Program Files (x86)\Microsoft Visual Studio 14.0\Common7\IDE\PrivateAssemblies\Microsoft.VisualStudio.TeamSystem.Licensing.dll</ModulePath>
      <ModuleTime>2015-07-06T19:21:38Z</ModuleTime>
      <ModuleName>Microsoft.VisualStudio.TeamSystem.Licensing</ModuleName>
      <Classes />
    </Module>
    <Module skippedDueTo="MissingPdb" hash="00-2B-49-9F-4A-61-6D-2F-9C-36-4D-65-B2-02-E5-3F-54-FB-6D-36">
      <ModulePath>C:\Windows\assembly\GAC_MSIL\Microsoft.VisualStudio.QualityTools.Tips.UnitTest.Tip\14.0.0.0__b03f5f7f11d50a3a\Microsoft.VisualStudio.QualityTools.Tips.UnitTest.Tip.dll</ModulePath>
      <ModuleTime>2016-07-12T10:12:34.5584492Z</ModuleTime>
      <ModuleName>Microsoft.VisualStudio.QualityTools.Tips.UnitTest.Tip</ModuleName>
      <Classes />
    </Module>
    <Module skippedDueTo="MissingPdb" hash="2C-68-4E-D5-C1-3A-95-ED-B2-9B-A5-AC-35-83-4B-2A-92-7D-EC-71">
      <ModulePath>C:\Windows\assembly\GAC_MSIL\Microsoft.VisualStudio.QualityTools.Common\14.0.0.0__b03f5f7f11d50a3a\Microsoft.VisualStudio.QualityTools.Common.dll</ModulePath>
      <ModuleTime>2016-07-12T10:13:13.0282958Z</ModuleTime>
      <ModuleName>Microsoft.VisualStudio.QualityTools.Common</ModuleName>
      <Classes />
    </Module>
    <Module skippedDueTo="MissingPdb" hash="08-45-77-C3-8B-8B-8E-34-A2-92-74-D2-A1-49-2F-C3-33-42-63-88">
      <ModulePath>C:\Windows\assembly\GAC_MSIL\Microsoft.VisualStudio.QualityTools.Tips.UnitTest.ObjectModel\14.0.0.0__b03f5f7f11d50a3a\Microsoft.VisualStudio.QualityTools.Tips.UnitTest.ObjectModel.dll</ModulePath>
      <ModuleTime>2016-07-12T10:12:34.7234657Z</ModuleTime>
      <ModuleName>Microsoft.VisualStudio.QualityTools.Tips.UnitTest.ObjectModel</ModuleName>
      <Classes />
    </Module>
    <Module hash="95-1B-3D-D7-D3-3C-0C-1F-01-4F-10-24-F4-87-74-EA-52-33-A0-DD">
      <Summary numSequencePoints="7" visitedSequencePoints="0" numBranchPoints="1" visitedBranchPoints="0" sequenceCoverage="0" branchCoverage="0" maxCyclomaticComplexity="1" minCyclomaticComplexity="1" visitedClasses="0" numClasses="1" visitedMethods="0" numMethods="1" />
      <ModulePath>D:\Neha\Practtice-Proj\mstestopencover-master\mstestopencover-master\MSTestReport.Tests\bin\Debug\MSTestReport.Tests.dll</ModulePath>
      <ModuleTime>2016-07-18T06:32:05.3006725Z</ModuleTime>
      <ModuleName>MSTestReport.Tests</ModuleName>
      <Files>
        <File uid="1" fullPath="d:\Neha\Practtice-Proj\mstestopencover-master\mstestopencover-master\MSTestReport.Tests\AdditionTests.cs" />
      </Files>
      <Classes>
        <Class>
          <Summary numSequencePoints="0" visitedSequencePoints="0" numBranchPoints="0" visitedBranchPoints="0" sequenceCoverage="0" branchCoverage="0" maxCyclomaticComplexity="0" minCyclomaticComplexity="0" visitedClasses="0" numClasses="0" visitedMethods="0" numMethods="0" />
          <FullName>&lt;Module&gt;</FullName>
          <Methods />
        </Class>
        <Class>
          <Summary numSequencePoints="7" visitedSequencePoints="0" numBranchPoints="1" visitedBranchPoints="0" sequenceCoverage="0" branchCoverage="0" maxCyclomaticComplexity="1" minCyclomaticComplexity="1" visitedClasses="0" numClasses="1" visitedMethods="0" numMethods="1" />
          <FullName>MSTestReport.Tests.AdditionTests</FullName>
          <Methods>
            <Method visited="false" cyclomaticComplexity="1" nPathComplexity="0" sequenceCoverage="0" branchCoverage="0" isConstructor="false" isStatic="false" isGetter="false" isSetter="false">
              <Summary numSequencePoints="7" visitedSequencePoints="0" numBranchPoints="1" visitedBranchPoints="0" sequenceCoverage="0" branchCoverage="0" maxCyclomaticComplexity="1" minCyclomaticComplexity="1" visitedClasses="0" numClasses="0" visitedMethods="0" numMethods="1" />
              <MetadataToken>100663297</MetadataToken>
              <Name>System.Void MSTestReport.Tests.AdditionTests::CanAdd()</Name>
              <FileRef uid="1" />
              <SequencePoints>
                <SequencePoint vc="0" uspid="1" ordinal="0" offset="0" sl="11" sc="9" el="11" ec="10" bec="0" bev="0" fileid="1" />
                <SequencePoint vc="0" uspid="2" ordinal="1" offset="1" sl="12" sc="13" el="12" ec="23" bec="0" bev="0" fileid="1" />
                <SequencePoint vc="0" uspid="3" ordinal="2" offset="3" sl="13" sc="13" el="13" ec="23" bec="0" bev="0" fileid="1" />
                <SequencePoint vc="0" uspid="4" ordinal="3" offset="5" sl="14" sc="13" el="14" ec="47" bec="0" bev="0" fileid="1" />
                <SequencePoint vc="0" uspid="5" ordinal="4" offset="11" sl="15" sc="13" el="15" ec="40" bec="0" bev="0" fileid="1" />
                <SequencePoint vc="0" uspid="6" ordinal="5" offset="20" sl="16" sc="13" el="16" ec="40" bec="0" bev="0" fileid="1" />
                <SequencePoint vc="0" uspid="7" ordinal="6" offset="28" sl="17" sc="9" el="17" ec="10" bec="0" bev="0" fileid="1" />
              </SequencePoints>
              <BranchPoints />
              <MethodPoint xsi:type="SequencePoint" vc="0" uspid="1" ordinal="0" offset="0" sl="11" sc="9" el="11" ec="10" bec="0" bev="0" fileid="1" />
            </Method>
            <Method visited="false" cyclomaticComplexity="1" nPathComplexity="0" sequenceCoverage="0" branchCoverage="0" isConstructor="true" isStatic="false" isGetter="false" isSetter="false">
              <Summary numSequencePoints="0" visitedSequencePoints="0" numBranchPoints="0" visitedBranchPoints="0" sequenceCoverage="0" branchCoverage="0" maxCyclomaticComplexity="1" minCyclomaticComplexity="1" visitedClasses="0" numClasses="0" visitedMethods="0" numMethods="0" />
              <MetadataToken>100663298</MetadataToken>
              <Name>System.Void MSTestReport.Tests.AdditionTests::.ctor()</Name>
              <SequencePoints />
              <BranchPoints />
              <MethodPoint vc="0" uspid="8" ordinal="0" offset="0" />
            </Method>
          </Methods>
        </Class>
      </Classes>
    </Module>
    <Module skippedDueTo="MissingPdb" hash="81-06-33-34-09-49-27-53-2B-1A-30-21-7E-77-C6-61-2F-7C-2B-F8">
      <ModulePath>C:\Windows\Microsoft.Net\assembly\GAC_MSIL\Microsoft.VisualStudio.QualityTools.ControllerObject\v4.0_14.0.0.0__b03f5f7f11d50a3a\Microsoft.VisualStudio.QualityTools.ControllerObject.dll</ModulePath>
      <ModuleTime>2016-07-12T10:12:34.2744208Z</ModuleTime>
      <ModuleName>Microsoft.VisualStudio.QualityTools.ControllerObject</ModuleName>
      <Classes />
    </Module>
    <Module skippedDueTo="MissingPdb" hash="58-CE-A7-E0-D8-E6-8C-F3-F8-AF-F0-D2-A0-69-59-2C-79-81-21-97">
      <ModulePath>C:\Program Files (x86)\Microsoft Visual Studio 14.0\Common7\IDE\PrivateAssemblies\Microsoft.VisualStudio.TeamSystem.Licensing.dll</ModulePath>
      <ModuleTime>2015-07-06T19:21:38Z</ModuleTime>
      <ModuleName>Microsoft.VisualStudio.TeamSystem.Licensing</ModuleName>
      <Classes />
    </Module>
    <Module skippedDueTo="MissingPdb" hash="2C-68-4E-D5-C1-3A-95-ED-B2-9B-A5-AC-35-83-4B-2A-92-7D-EC-71">
      <ModulePath>C:\Windows\assembly\GAC_MSIL\Microsoft.VisualStudio.QualityTools.Common\14.0.0.0__b03f5f7f11d50a3a\Microsoft.VisualStudio.QualityTools.Common.dll</ModulePath>
      <ModuleTime>2016-07-12T10:13:13.0282958Z</ModuleTime>
      <ModuleName>Microsoft.VisualStudio.QualityTools.Common</ModuleName>
      <Classes />
    </Module>
    <Module skippedDueTo="MissingPdb" hash="58-CE-A7-E0-D8-E6-8C-F3-F8-AF-F0-D2-A0-69-59-2C-79-81-21-97">
      <ModulePath>C:\Program Files (x86)\Microsoft Visual Studio 14.0\Common7\IDE\PrivateAssemblies\Microsoft.VisualStudio.TeamSystem.Licensing.dll</ModulePath>
      <ModuleTime>2015-07-06T19:21:38Z</ModuleTime>
      <ModuleName>Microsoft.VisualStudio.TeamSystem.Licensing</ModuleName>
      <Classes />
    </Module>
    <Module skippedDueTo="MissingPdb" hash="2C-68-4E-D5-C1-3A-95-ED-B2-9B-A5-AC-35-83-4B-2A-92-7D-EC-71">
      <ModulePath>C:\Windows\assembly\GAC_MSIL\Microsoft.VisualStudio.QualityTools.Common\14.0.0.0__b03f5f7f11d50a3a\Microsoft.VisualStudio.QualityTools.Common.dll</ModulePath>
      <ModuleTime>2016-07-12T10:13:13.0282958Z</ModuleTime>
      <ModuleName>Microsoft.VisualStudio.QualityTools.Common</ModuleName>
      <Classes />
    </Module>
    <Module skippedDueTo="MissingPdb" hash="7F-4B-70-CC-12-9D-55-8A-0D-C7-AB-EB-13-D1-27-08-44-9A-1F-C6">
      <ModulePath>C:\Windows\assembly\GAC_MSIL\Microsoft.VisualStudio.QualityTools.AgentProcessManager\14.0.0.0__b03f5f7f11d50a3a\Microsoft.VisualStudio.QualityTools.AgentProcessManager.dll</ModulePath>
      <ModuleTime>2016-07-12T10:12:36.116605Z</ModuleTime>
      <ModuleName>Microsoft.VisualStudio.QualityTools.AgentProcessManager</ModuleName>
      <Classes />
    </Module>
    <Module hash="69-E9-29-94-F3-D2-0A-1F-CF-D0-4C-A9-7D-2F-32-7A-39-55-49-94">
      <Summary numSequencePoints="8" visitedSequencePoints="0" numBranchPoints="3" visitedBranchPoints="0" sequenceCoverage="0" branchCoverage="0" maxCyclomaticComplexity="1" minCyclomaticComplexity="1" visitedClasses="0" numClasses="2" visitedMethods="0" numMethods="3" />
      <ModulePath>d:\neha\practtice-proj\mstestopencover-master\mstestopencover-master\mstestreport.tests\bin\debug\MSTestReport.exe</ModulePath>
      <ModuleTime>2016-07-18T06:32:04.715614Z</ModuleTime>
      <ModuleName>MSTestReport</ModuleName>
      <Files>
        <File uid="3" fullPath="d:\Neha\Practtice-Proj\mstestopencover-master\mstestopencover-master\MSTestReport\Program.cs" />
        <File uid="4" fullPath="d:\Neha\Practtice-Proj\mstestopencover-master\mstestopencover-master\MSTestReport\Calculator.cs" />
      </Files>
      <Classes>
        <Class>
          <Summary numSequencePoints="0" visitedSequencePoints="0" numBranchPoints="0" visitedBranchPoints="0" sequenceCoverage="0" branchCoverage="0" maxCyclomaticComplexity="0" minCyclomaticComplexity="0" visitedClasses="0" numClasses="0" visitedMethods="0" numMethods="0" />
          <FullName>&lt;Module&gt;</FullName>
          <Methods />
        </Class>
        <Class>
          <Summary numSequencePoints="2" visitedSequencePoints="0" numBranchPoints="1" visitedBranchPoints="0" sequenceCoverage="0" branchCoverage="0" maxCyclomaticComplexity="1" minCyclomaticComplexity="1" visitedClasses="0" numClasses="1" visitedMethods="0" numMethods="1" />
          <FullName>MSTestReport.Program</FullName>
          <Methods>
            <Method visited="false" cyclomaticComplexity="1" nPathComplexity="0" sequenceCoverage="0" branchCoverage="0" isConstructor="false" isStatic="true" isGetter="false" isSetter="false">
              <Summary numSequencePoints="2" visitedSequencePoints="0" numBranchPoints="1" visitedBranchPoints="0" sequenceCoverage="0" branchCoverage="0" maxCyclomaticComplexity="1" minCyclomaticComplexity="1" visitedClasses="0" numClasses="0" visitedMethods="0" numMethods="1" />
              <MetadataToken>100663297</MetadataToken>
              <Name>System.Void MSTestReport.Program::Main(System.String[])</Name>
              <FileRef uid="3" />
              <SequencePoints>
                <SequencePoint vc="0" uspid="9" ordinal="0" offset="0" sl="12" sc="9" el="12" ec="10" bec="0" bev="0" fileid="3" />
                <SequencePoint vc="0" uspid="10" ordinal="1" offset="1" sl="13" sc="9" el="13" ec="10" bec="0" bev="0" fileid="3" />
              </SequencePoints>
              <BranchPoints />
              <MethodPoint xsi:type="SequencePoint" vc="0" uspid="9" ordinal="0" offset="0" sl="12" sc="9" el="12" ec="10" bec="0" bev="0" fileid="3" />
            </Method>
            <Method visited="false" cyclomaticComplexity="1" nPathComplexity="0" sequenceCoverage="0" branchCoverage="0" isConstructor="true" isStatic="false" isGetter="false" isSetter="false">
              <Summary numSequencePoints="0" visitedSequencePoints="0" numBranchPoints="0" visitedBranchPoints="0" sequenceCoverage="0" branchCoverage="0" maxCyclomaticComplexity="1" minCyclomaticComplexity="1" visitedClasses="0" numClasses="0" visitedMethods="0" numMethods="0" />
              <MetadataToken>100663298</MetadataToken>
              <Name>System.Void MSTestReport.Program::.ctor()</Name>
              <SequencePoints />
              <BranchPoints />
              <MethodPoint vc="0" uspid="11" ordinal="0" offset="0" />
            </Method>
          </Methods>
        </Class>
        <Class>
          <Summary numSequencePoints="6" visitedSequencePoints="0" numBranchPoints="2" visitedBranchPoints="0" sequenceCoverage="0" branchCoverage="0" maxCyclomaticComplexity="1" minCyclomaticComplexity="1" visitedClasses="0" numClasses="1" visitedMethods="0" numMethods="2" />
          <FullName>MSTestReport.Calculator</FullName>
          <Methods>
            <Method visited="false" cyclomaticComplexity="1" nPathComplexity="0" sequenceCoverage="0" branchCoverage="0" isConstructor="false" isStatic="false" isGetter="false" isSetter="false">
              <Summary numSequencePoints="3" visitedSequencePoints="0" numBranchPoints="1" visitedBranchPoints="0" sequenceCoverage="0" branchCoverage="0" maxCyclomaticComplexity="1" minCyclomaticComplexity="1" visitedClasses="0" numClasses="0" visitedMethods="0" numMethods="1" />
              <MetadataToken>100663299</MetadataToken>
              <Name>System.Int32 MSTestReport.Calculator::add(System.Int32,System.Int32)</Name>
              <FileRef uid="4" />
              <SequencePoints>
                <SequencePoint vc="0" uspid="12" ordinal="0" offset="0" sl="12" sc="9" el="12" ec="10" bec="0" bev="0" fileid="4" />
                <SequencePoint vc="0" uspid="13" ordinal="1" offset="1" sl="13" sc="13" el="13" ec="26" bec="0" bev="0" fileid="4" />
                <SequencePoint vc="0" uspid="14" ordinal="2" offset="7" sl="14" sc="9" el="14" ec="10" bec="0" bev="0" fileid="4" />
              </SequencePoints>
              <BranchPoints />
              <MethodPoint xsi:type="SequencePoint" vc="0" uspid="12" ordinal="0" offset="0" sl="12" sc="9" el="12" ec="10" bec="0" bev="0" fileid="4" />
            </Method>
            <Method visited="false" cyclomaticComplexity="1" nPathComplexity="0" sequenceCoverage="0" branchCoverage="0" isConstructor="false" isStatic="false" isGetter="false" isSetter="false">
              <Summary numSequencePoints="3" visitedSequencePoints="0" numBranchPoints="1" visitedBranchPoints="0" sequenceCoverage="0" branchCoverage="0" maxCyclomaticComplexity="1" minCyclomaticComplexity="1" visitedClasses="0" numClasses="0" visitedMethods="0" numMethods="1" />
              <MetadataToken>100663300</MetadataToken>
              <Name>System.Int32 MSTestReport.Calculator::substract(System.Int32,System.Int32)</Name>
              <FileRef uid="4" />
              <SequencePoints>
                <SequencePoint vc="0" uspid="15" ordinal="0" offset="0" sl="17" sc="9" el="17" ec="10" bec="0" bev="0" fileid="4" />
                <SequencePoint vc="0" uspid="16" ordinal="1" offset="1" sl="18" sc="13" el="18" ec="26" bec="0" bev="0" fileid="4" />
                <SequencePoint vc="0" uspid="17" ordinal="2" offset="7" sl="19" sc="9" el="19" ec="10" bec="0" bev="0" fileid="4" />
              </SequencePoints>
              <BranchPoints />
              <MethodPoint xsi:type="SequencePoint" vc="0" uspid="15" ordinal="0" offset="0" sl="17" sc="9" el="17" ec="10" bec="0" bev="0" fileid="4" />
            </Method>
            <Method visited="false" cyclomaticComplexity="1" nPathComplexity="0" sequenceCoverage="0" branchCoverage="0" isConstructor="true" isStatic="false" isGetter="false" isSetter="false">
              <Summary numSequencePoints="0" visitedSequencePoints="0" numBranchPoints="0" visitedBranchPoints="0" sequenceCoverage="0" branchCoverage="0" maxCyclomaticComplexity="1" minCyclomaticComplexity="1" visitedClasses="0" numClasses="0" visitedMethods="0" numMethods="0" />
              <MetadataToken>100663301</MetadataToken>
              <Name>System.Void MSTestReport.Calculator::.ctor()</Name>
              <SequencePoints />
              <BranchPoints />
              <MethodPoint vc="0" uspid="18" ordinal="0" offset="0" />
            </Method>
          </Methods>
        </Class>
      </Classes>
    </Module>
    <Module skippedDueTo="Filter" hash="0F-6F-F3-F5-1C-3A-A7-26-E2-D9-16-C9-A4-9C-AD-C3-B6-CA-24-A2">
      <ModulePath>C:\Windows\Microsoft.Net\assembly\GAC_MSIL\System.Runtime.Remoting\v4.0_4.0.0.0__b77a5c561934e089\System.Runtime.Remoting.dll</ModulePath>
      <ModuleTime>2015-11-05T15:06:48Z</ModuleTime>
      <ModuleName>System.Runtime.Remoting</ModuleName>
      <Classes />
    </Module>
    <Module skippedDueTo="Filter" hash="8D-09-99-2C-CA-7C-FB-60-18-FC-0D-7D-34-97-25-D6-FE-64-AB-B6">
      <ModulePath>C:\Windows\Microsoft.Net\assembly\GAC_32\mscorlib\v4.0_4.0.0.0__b77a5c561934e089\mscorlib.dll</ModulePath>
      <ModuleTime>2016-03-02T14:40:22Z</ModuleTime>
      <ModuleName>mscorlib</ModuleName>
      <Classes />
    </Module>
    <Module skippedDueTo="MissingPdb" hash="47-EC-0B-6F-2C-4D-26-98-90-75-0E-E0-04-60-64-E5-22-37-D0-AD">
      <ModulePath>C:\Program Files (x86)\Microsoft Visual Studio 14.0\Common7\IDE\QTAgent32_40.exe</ModulePath>
      <ModuleTime>2015-07-06T19:21:38Z</ModuleTime>
      <ModuleName>QTAgent32_40</ModuleName>
      <Classes />
    </Module>
    <Module skippedDueTo="MissingPdb" hash="AA-3B-1D-46-19-3E-D3-88-43-47-D3-1C-48-42-12-21-60-87-13-47">
      <ModulePath>C:\Windows\assembly\GAC_MSIL\Microsoft.VisualStudio.QualityTools.ExecutionCommon\14.0.0.0__b03f5f7f11d50a3a\Microsoft.VisualStudio.QualityTools.ExecutionCommon.dll</ModulePath>
      <ModuleTime>2016-07-12T10:12:34.3004234Z</ModuleTime>
      <ModuleName>Microsoft.VisualStudio.QualityTools.ExecutionCommon</ModuleName>
      <Classes />
    </Module>
    <Module skippedDueTo="MissingPdb" hash="2C-68-4E-D5-C1-3A-95-ED-B2-9B-A5-AC-35-83-4B-2A-92-7D-EC-71">
      <ModulePath>C:\Windows\assembly\GAC_MSIL\Microsoft.VisualStudio.QualityTools.Common\14.0.0.0__b03f5f7f11d50a3a\Microsoft.VisualStudio.QualityTools.Common.dll</ModulePath>
      <ModuleTime>2016-07-12T10:13:13.0282958Z</ModuleTime>
      <ModuleName>Microsoft.VisualStudio.QualityTools.Common</ModuleName>
      <Classes />
    </Module>
    <Module skippedDueTo="MissingPdb" hash="BA-37-91-08-FF-4E-E3-92-22-87-5C-B0-C4-31-B2-CD-D2-72-57-18">
      <ModulePath>C:\Windows\assembly\GAC_MSIL\Microsoft.VisualStudio.QualityTools.Resource\14.0.0.0__b03f5f7f11d50a3a\Microsoft.VisualStudio.QualityTools.Resource.dll</ModulePath>
      <ModuleTime>2016-07-12T10:12:34.3714305Z</ModuleTime>
      <ModuleName>Microsoft.VisualStudio.QualityTools.Resource</ModuleName>
      <Classes />
    </Module>
    <Module skippedDueTo="Filter" hash="10-12-A2-C6-A0-B8-51-63-D1-3A-89-CF-6B-26-F7-7D-C2-69-68-B0">
      <ModulePath>C:\Windows\Microsoft.Net\assembly\GAC_MSIL\System\v4.0_4.0.0.0__b77a5c561934e089\System.dll</ModulePath>
      <ModuleTime>2016-02-25T13:51:48Z</ModuleTime>
      <ModuleName>System</ModuleName>
      <Classes />
    </Module>
    <Module skippedDueTo="Filter" hash="9C-DB-95-DC-25-D5-38-7E-C2-3A-20-8F-14-5D-A9-56-2A-D7-00-E3">
      <ModulePath>C:\Windows\Microsoft.Net\assembly\GAC_MSIL\System.Configuration\v4.0_4.0.0.0__b03f5f7f11d50a3a\System.Configuration.dll</ModulePath>
      <ModuleTime>2015-11-05T15:06:48Z</ModuleTime>
      <ModuleName>System.Configuration</ModuleName>
      <Classes />
    </Module>
    <Module skippedDueTo="Filter" hash="CF-7C-5A-57-75-87-21-E0-D5-D9-A4-B6-6E-2E-33-17-9D-6C-8A-C2">
      <ModulePath>C:\Windows\Microsoft.Net\assembly\GAC_MSIL\System.Xml\v4.0_4.0.0.0__b77a5c561934e089\System.Xml.dll</ModulePath>
      <ModuleTime>2015-12-10T17:51:24Z</ModuleTime>
      <ModuleName>System.Xml</ModuleName>
      <Classes />
    </Module>
    <Module skippedDueTo="Filter" hash="31-76-6A-81-5B-45-2B-B2-02-8C-E4-69-D2-C3-8F-87-B1-54-25-E8">
      <ModulePath>C:\Windows\Microsoft.Net\assembly\GAC_MSIL\System.Core\v4.0_4.0.0.0__b77a5c561934e089\System.Core.dll</ModulePath>
      <ModuleTime>2015-11-05T15:06:48Z</ModuleTime>
      <ModuleName>System.Core</ModuleName>
      <Classes />
    </Module>
    <Module skippedDueTo="Filter" hash="0F-6F-F3-F5-1C-3A-A7-26-E2-D9-16-C9-A4-9C-AD-C3-B6-CA-24-A2">
      <ModulePath>C:\Windows\Microsoft.Net\assembly\GAC_MSIL\System.Runtime.Remoting\v4.0_4.0.0.0__b77a5c561934e089\System.Runtime.Remoting.dll</ModulePath>
      <ModuleTime>2015-11-05T15:06:48Z</ModuleTime>
      <ModuleName>System.Runtime.Remoting</ModuleName>
      <Classes />
    </Module>
    <Module skippedDueTo="MissingPdb" hash="59-1F-98-4F-C2-80-83-2E-DB-A5-09-F9-B7-81-89-21-BF-14-3D-76">
      <ModulePath>C:\Windows\assembly\GAC_MSIL\Microsoft.VisualStudio.QualityTools.AgentObject\14.0.0.0__b03f5f7f11d50a3a\Microsoft.VisualStudio.QualityTools.AgentObject.dll</ModulePath>
      <ModuleTime>2016-07-12T10:12:34.1734107Z</ModuleTime>
      <ModuleName>Microsoft.VisualStudio.QualityTools.AgentObject</ModuleName>
      <Classes />
    </Module>
    <Module skippedDueTo="MissingPdb" hash="7F-4B-70-CC-12-9D-55-8A-0D-C7-AB-EB-13-D1-27-08-44-9A-1F-C6">
      <ModulePath>C:\Windows\assembly\GAC_MSIL\Microsoft.VisualStudio.QualityTools.AgentProcessManager\14.0.0.0__b03f5f7f11d50a3a\Microsoft.VisualStudio.QualityTools.AgentProcessManager.dll</ModulePath>
      <ModuleTime>2016-07-12T10:12:36.116605Z</ModuleTime>
      <ModuleName>Microsoft.VisualStudio.QualityTools.AgentProcessManager</ModuleName>
      <Classes />
    </Module>
    <Module skippedDueTo="Filter" hash="65-D4-70-76-E1-CB-58-CB-08-19-3F-8F-B4-C8-14-92-BE-AC-31-C3">
      <ModulePath>C:\Windows\Microsoft.Net\assembly\GAC_32\System.Web\v4.0_4.0.0.0__b03f5f7f11d50a3a\System.Web.dll</ModulePath>
      <ModuleTime>2015-11-05T15:06:48Z</ModuleTime>
      <ModuleName>System.Web</ModuleName>
      <Classes />
    </Module>
    <Module skippedDueTo="MissingPdb" hash="08-45-77-C3-8B-8B-8E-34-A2-92-74-D2-A1-49-2F-C3-33-42-63-88">
      <ModulePath>C:\Windows\assembly\GAC_MSIL\Microsoft.VisualStudio.QualityTools.Tips.UnitTest.ObjectModel\14.0.0.0__b03f5f7f11d50a3a\Microsoft.VisualStudio.QualityTools.Tips.UnitTest.ObjectModel.dll</ModulePath>
      <ModuleTime>2016-07-12T10:12:34.7234657Z</ModuleTime>
      <ModuleName>Microsoft.VisualStudio.QualityTools.Tips.UnitTest.ObjectModel</ModuleName>
      <Classes />
    </Module>
    <Module skippedDueTo="Filter" hash="6C-72-90-32-BD-6C-13-33-1B-BF-95-BB-29-8E-A9-4C-2E-7E-D3-86">
      <ModulePath>C:\Windows\Microsoft.Net\assembly\GAC_32\System.Data\v4.0_4.0.0.0__b77a5c561934e089\System.Data.dll</ModulePath>
      <ModuleTime>2015-11-05T15:06:48Z</ModuleTime>
      <ModuleName>System.Data</ModuleName>
      <Classes />
    </Module>
    <Module skippedDueTo="MissingPdb" hash="9C-BD-10-0D-B6-DF-EE-2B-EB-27-DA-26-68-CD-C4-4A-48-7F-7B-09">
      <ModulePath>C:\Windows\assembly\GAC_MSIL\Microsoft.VisualStudio.QualityTools.UnitTestFramework\10.0.0.0__b03f5f7f11d50a3a\Microsoft.VisualStudio.QualityTools.UnitTestFramework.dll</ModulePath>
      <ModuleTime>2016-07-12T10:12:34.6554589Z</ModuleTime>
      <ModuleName>Microsoft.VisualStudio.QualityTools.UnitTestFramework</ModuleName>
      <Classes />
    </Module>
    <Module skippedDueTo="MissingPdb" hash="3B-3B-06-8C-A3-CC-F8-2A-DC-15-1E-A7-A9-99-5E-3E-2F-E0-F2-B5">
      <ModulePath>C:\Windows\assembly\GAC_MSIL\Microsoft.VisualStudio.QualityTools.Tips.UnitTest.Adapter\14.0.0.0__b03f5f7f11d50a3a\Microsoft.VisualStudio.QualityTools.Tips.UnitTest.Adapter.dll</ModulePath>
      <ModuleTime>2016-07-12T10:12:34.6954629Z</ModuleTime>
      <ModuleName>Microsoft.VisualStudio.QualityTools.Tips.UnitTest.Adapter</ModuleName>
      <Classes />
    </Module>
    <Module skippedDueTo="MissingPdb" hash="AA-88-B1-10-85-A9-09-82-99-D7-42-38-22-D6-CB-B7-60-62-C9-9C">
      <ModulePath>C:\Windows\assembly\GAC_MSIL\Microsoft.VisualStudio.QualityTools.Tips.UnitTest.AssemblyResolver\14.0.0.0__b03f5f7f11d50a3a\Microsoft.VisualStudio.QualityTools.Tips.UnitTest.AssemblyResolver.dll</ModulePath>
      <ModuleTime>2016-07-12T10:12:34.5794513Z</ModuleTime>
      <ModuleName>Microsoft.VisualStudio.QualityTools.Tips.UnitTest.AssemblyResolver</ModuleName>
      <Classes />
    </Module>
    <Module skippedDueTo="MissingPdb" hash="58-CE-A7-E0-D8-E6-8C-F3-F8-AF-F0-D2-A0-69-59-2C-79-81-21-97">
      <ModulePath>C:\Program Files (x86)\Microsoft Visual Studio 14.0\Common7\IDE\PrivateAssemblies\Microsoft.VisualStudio.TeamSystem.Licensing.dll</ModulePath>
      <ModuleTime>2015-07-06T19:21:38Z</ModuleTime>
      <ModuleName>Microsoft.VisualStudio.TeamSystem.Licensing</ModuleName>
      <Classes />
    </Module>
    <Module skippedDueTo="MissingPdb" hash="3B-3B-06-8C-A3-CC-F8-2A-DC-15-1E-A7-A9-99-5E-3E-2F-E0-F2-B5">
      <ModulePath>C:\Windows\assembly\GAC_MSIL\Microsoft.VisualStudio.QualityTools.Tips.UnitTest.Adapter\14.0.0.0__b03f5f7f11d50a3a\Microsoft.VisualStudio.QualityTools.Tips.UnitTest.Adapter.dll</ModulePath>
      <ModuleTime>2016-07-12T10:12:34.6954629Z</ModuleTime>
      <ModuleName>Microsoft.VisualStudio.QualityTools.Tips.UnitTest.Adapter</ModuleName>
      <Classes />
    </Module>
    <Module skippedDueTo="MissingPdb" hash="37-37-7A-DA-73-D4-47-18-27-60-F2-0B-63-96-18-D5-CF-DD-9F-B7">
      <ModulePath>C:\Program Files (x86)\Microsoft Visual Studio 14.0\Common7\IDE\PrivateAssemblies\Microsoft.VisualStudio.Enterprise.AspNetHelper.dll</ModulePath>
      <ModuleTime>2016-06-20T09:15:20Z</ModuleTime>
      <ModuleName>Microsoft.VisualStudio.Enterprise.AspNetHelper</ModuleName>
      <Classes />
    </Module>
    <Module skippedDueTo="MissingPdb" hash="AA-3B-1D-46-19-3E-D3-88-43-47-D3-1C-48-42-12-21-60-87-13-47">
      <ModulePath>C:\Windows\assembly\GAC_MSIL\Microsoft.VisualStudio.QualityTools.ExecutionCommon\14.0.0.0__b03f5f7f11d50a3a\Microsoft.VisualStudio.QualityTools.ExecutionCommon.dll</ModulePath>
      <ModuleTime>2016-07-12T10:12:34.3004234Z</ModuleTime>
      <ModuleName>Microsoft.VisualStudio.QualityTools.ExecutionCommon</ModuleName>
      <Classes />
    </Module>
    <Module skippedDueTo="MissingPdb" hash="2C-68-4E-D5-C1-3A-95-ED-B2-9B-A5-AC-35-83-4B-2A-92-7D-EC-71">
      <ModulePath>C:\Windows\assembly\GAC_MSIL\Microsoft.VisualStudio.QualityTools.Common\14.0.0.0__b03f5f7f11d50a3a\Microsoft.VisualStudio.QualityTools.Common.dll</ModulePath>
      <ModuleTime>2016-07-12T10:13:13.0282958Z</ModuleTime>
      <ModuleName>Microsoft.VisualStudio.QualityTools.Common</ModuleName>
      <Classes />
    </Module>
    <Module skippedDueTo="MissingPdb" hash="59-1F-98-4F-C2-80-83-2E-DB-A5-09-F9-B7-81-89-21-BF-14-3D-76">
      <ModulePath>C:\Windows\assembly\GAC_MSIL\Microsoft.VisualStudio.QualityTools.AgentObject\14.0.0.0__b03f5f7f11d50a3a\Microsoft.VisualStudio.QualityTools.AgentObject.dll</ModulePath>
      <ModuleTime>2016-07-12T10:12:34.1734107Z</ModuleTime>
      <ModuleName>Microsoft.VisualStudio.QualityTools.AgentObject</ModuleName>
      <Classes />
    </Module>
    <Module skippedDueTo="MissingPdb" hash="08-45-77-C3-8B-8B-8E-34-A2-92-74-D2-A1-49-2F-C3-33-42-63-88">
      <ModulePath>C:\Windows\assembly\GAC_MSIL\Microsoft.VisualStudio.QualityTools.Tips.UnitTest.ObjectModel\14.0.0.0__b03f5f7f11d50a3a\Microsoft.VisualStudio.QualityTools.Tips.UnitTest.ObjectModel.dll</ModulePath>
      <ModuleTime>2016-07-12T10:12:34.7234657Z</ModuleTime>
      <ModuleName>Microsoft.VisualStudio.QualityTools.Tips.UnitTest.ObjectModel</ModuleName>
      <Classes />
    </Module>
    <Module hash="95-1B-3D-D7-D3-3C-0C-1F-01-4F-10-24-F4-87-74-EA-52-33-A0-DD">
      <Summary numSequencePoints="7" visitedSequencePoints="7" numBranchPoints="1" visitedBranchPoints="1" sequenceCoverage="100" branchCoverage="100" maxCyclomaticComplexity="1" minCyclomaticComplexity="1" visitedClasses="1" numClasses="1" visitedMethods="1" numMethods="1" />
      <ModulePath>C:\nobero_DELNOBERO94455 2016-07-19 12_19_06\Out\MSTestReport.Tests.dll</ModulePath>
      <ModuleTime>2016-07-18T06:32:05.3006725Z</ModuleTime>
      <ModuleName>MSTestReport.Tests</ModuleName>
      <Files>
        <File uid="7" fullPath="d:\Neha\Practtice-Proj\mstestopencover-master\mstestopencover-master\MSTestReport.Tests\AdditionTests.cs" />
      </Files>
      <Classes>
        <Class>
          <Summary numSequencePoints="0" visitedSequencePoints="0" numBranchPoints="0" visitedBranchPoints="0" sequenceCoverage="0" branchCoverage="0" maxCyclomaticComplexity="0" minCyclomaticComplexity="0" visitedClasses="0" numClasses="0" visitedMethods="0" numMethods="0" />
          <FullName>&lt;Module&gt;</FullName>
          <Methods />
        </Class>
        <Class>
          <Summary numSequencePoints="7" visitedSequencePoints="7" numBranchPoints="1" visitedBranchPoints="1" sequenceCoverage="100" branchCoverage="100" maxCyclomaticComplexity="1" minCyclomaticComplexity="1" visitedClasses="1" numClasses="1" visitedMethods="1" numMethods="1" />
          <FullName>MSTestReport.Tests.AdditionTests</FullName>
          <Methods>
            <Method visited="true" cyclomaticComplexity="1" nPathComplexity="0" sequenceCoverage="100" branchCoverage="100" isConstructor="false" isStatic="false" isGetter="false" isSetter="false">
              <Summary numSequencePoints="7" visitedSequencePoints="7" numBranchPoints="1" visitedBranchPoints="1" sequenceCoverage="100" branchCoverage="100" maxCyclomaticComplexity="1" minCyclomaticComplexity="1" visitedClasses="0" numClasses="0" visitedMethods="1" numMethods="1" />
              <MetadataToken>100663297</MetadataToken>
              <Name>System.Void MSTestReport.Tests.AdditionTests::CanAdd()</Name>
              <FileRef uid="7" />
              <SequencePoints>
                <SequencePoint vc="1" uspid="19" ordinal="0" offset="0" sl="11" sc="9" el="11" ec="10" bec="0" bev="0" fileid="7" />
                <SequencePoint vc="1" uspid="20" ordinal="1" offset="1" sl="12" sc="13" el="12" ec="23" bec="0" bev="0" fileid="7" />
                <SequencePoint vc="1" uspid="21" ordinal="2" offset="3" sl="13" sc="13" el="13" ec="23" bec="0" bev="0" fileid="7" />
                <SequencePoint vc="1" uspid="22" ordinal="3" offset="5" sl="14" sc="13" el="14" ec="47" bec="0" bev="0" fileid="7" />
                <SequencePoint vc="1" uspid="23" ordinal="4" offset="11" sl="15" sc="13" el="15" ec="40" bec="0" bev="0" fileid="7" />
                <SequencePoint vc="1" uspid="24" ordinal="5" offset="20" sl="16" sc="13" el="16" ec="40" bec="0" bev="0" fileid="7" />
                <SequencePoint vc="1" uspid="25" ordinal="6" offset="28" sl="17" sc="9" el="17" ec="10" bec="0" bev="0" fileid="7" />
              </SequencePoints>
              <BranchPoints />
              <MethodPoint xsi:type="SequencePoint" vc="1" uspid="19" ordinal="0" offset="0" sl="11" sc="9" el="11" ec="10" bec="0" bev="0" fileid="7" />
            </Method>
            <Method visited="true" cyclomaticComplexity="1" nPathComplexity="0" sequenceCoverage="0" branchCoverage="0" isConstructor="true" isStatic="false" isGetter="false" isSetter="false">
              <Summary numSequencePoints="0" visitedSequencePoints="0" numBranchPoints="0" visitedBranchPoints="0" sequenceCoverage="0" branchCoverage="0" maxCyclomaticComplexity="1" minCyclomaticComplexity="1" visitedClasses="0" numClasses="0" visitedMethods="0" numMethods="0" />
              <MetadataToken>100663298</MetadataToken>
              <Name>System.Void MSTestReport.Tests.AdditionTests::.ctor()</Name>
              <SequencePoints />
              <BranchPoints />
              <MethodPoint vc="1" uspid="26" ordinal="0" offset="0" />
            </Method>
          </Methods>
        </Class>
      </Classes>
    </Module>
    <Module hash="69-E9-29-94-F3-D2-0A-1F-CF-D0-4C-A9-7D-2F-32-7A-39-55-49-94">
      <Summary numSequencePoints="8" visitedSequencePoints="3" numBranchPoints="3" visitedBranchPoints="1" sequenceCoverage="37.5" branchCoverage="33.33" maxCyclomaticComplexity="1" minCyclomaticComplexity="1" visitedClasses="1" numClasses="2" visitedMethods="1" numMethods="3" />
      <ModulePath>C:\nobero_DELNOBERO94455 2016-07-19 12_19_06\Out\MSTestReport.exe</ModulePath>
      <ModuleTime>2016-07-18T06:32:04.715614Z</ModuleTime>
      <ModuleName>MSTestReport</ModuleName>
      <Files>
        <File uid="9" fullPath="d:\Neha\Practtice-Proj\mstestopencover-master\mstestopencover-master\MSTestReport\Program.cs" />
        <File uid="10" fullPath="d:\Neha\Practtice-Proj\mstestopencover-master\mstestopencover-master\MSTestReport\Calculator.cs" />
      </Files>
      <Classes>
        <Class>
          <Summary numSequencePoints="0" visitedSequencePoints="0" numBranchPoints="0" visitedBranchPoints="0" sequenceCoverage="0" branchCoverage="0" maxCyclomaticComplexity="0" minCyclomaticComplexity="0" visitedClasses="0" numClasses="0" visitedMethods="0" numMethods="0" />
          <FullName>&lt;Module&gt;</FullName>
          <Methods />
        </Class>
        <Class>
          <Summary numSequencePoints="2" visitedSequencePoints="0" numBranchPoints="1" visitedBranchPoints="0" sequenceCoverage="0" branchCoverage="0" maxCyclomaticComplexity="1" minCyclomaticComplexity="1" visitedClasses="0" numClasses="1" visitedMethods="0" numMethods="1" />
          <FullName>MSTestReport.Program</FullName>
          <Methods>
            <Method visited="false" cyclomaticComplexity="1" nPathComplexity="0" sequenceCoverage="0" branchCoverage="0" isConstructor="false" isStatic="true" isGetter="false" isSetter="false">
              <Summary numSequencePoints="2" visitedSequencePoints="0" numBranchPoints="1" visitedBranchPoints="0" sequenceCoverage="0" branchCoverage="0" maxCyclomaticComplexity="1" minCyclomaticComplexity="1" visitedClasses="0" numClasses="0" visitedMethods="0" numMethods="1" />
              <MetadataToken>100663297</MetadataToken>
              <Name>System.Void MSTestReport.Program::Main(System.String[])</Name>
              <FileRef uid="9" />
              <SequencePoints>
                <SequencePoint vc="0" uspid="27" ordinal="0" offset="0" sl="12" sc="9" el="12" ec="10" bec="0" bev="0" fileid="9" />
                <SequencePoint vc="0" uspid="28" ordinal="1" offset="1" sl="13" sc="9" el="13" ec="10" bec="0" bev="0" fileid="9" />
              </SequencePoints>
              <BranchPoints />
              <MethodPoint xsi:type="SequencePoint" vc="0" uspid="27" ordinal="0" offset="0" sl="12" sc="9" el="12" ec="10" bec="0" bev="0" fileid="9" />
            </Method>
            <Method visited="false" cyclomaticComplexity="1" nPathComplexity="0" sequenceCoverage="0" branchCoverage="0" isConstructor="true" isStatic="false" isGetter="false" isSetter="false">
              <Summary numSequencePoints="0" visitedSequencePoints="0" numBranchPoints="0" visitedBranchPoints="0" sequenceCoverage="0" branchCoverage="0" maxCyclomaticComplexity="1" minCyclomaticComplexity="1" visitedClasses="0" numClasses="0" visitedMethods="0" numMethods="0" />
              <MetadataToken>100663298</MetadataToken>
              <Name>System.Void MSTestReport.Program::.ctor()</Name>
              <SequencePoints />
              <BranchPoints />
              <MethodPoint vc="0" uspid="29" ordinal="0" offset="0" />
            </Method>
          </Methods>
        </Class>
        <Class>
          <Summary numSequencePoints="6" visitedSequencePoints="3" numBranchPoints="2" visitedBranchPoints="1" sequenceCoverage="50" branchCoverage="50" maxCyclomaticComplexity="1" minCyclomaticComplexity="1" visitedClasses="1" numClasses="1" visitedMethods="1" numMethods="2" />
          <FullName>MSTestReport.Calculator</FullName>
          <Methods>
            <Method visited="true" cyclomaticComplexity="1" nPathComplexity="0" sequenceCoverage="100" branchCoverage="100" isConstructor="false" isStatic="false" isGetter="false" isSetter="false">
              <Summary numSequencePoints="3" visitedSequencePoints="3" numBranchPoints="1" visitedBranchPoints="1" sequenceCoverage="100" branchCoverage="100" maxCyclomaticComplexity="1" minCyclomaticComplexity="1" visitedClasses="0" numClasses="0" visitedMethods="1" numMethods="1" />
              <MetadataToken>100663299</MetadataToken>
              <Name>System.Int32 MSTestReport.Calculator::add(System.Int32,System.Int32)</Name>
              <FileRef uid="10" />
              <SequencePoints>
                <SequencePoint vc="1" uspid="30" ordinal="0" offset="0" sl="12" sc="9" el="12" ec="10" bec="0" bev="0" fileid="10" />
                <SequencePoint vc="1" uspid="31" ordinal="1" offset="1" sl="13" sc="13" el="13" ec="26" bec="0" bev="0" fileid="10" />
                <SequencePoint vc="1" uspid="32" ordinal="2" offset="7" sl="14" sc="9" el="14" ec="10" bec="0" bev="0" fileid="10" />
              </SequencePoints>
              <BranchPoints />
              <MethodPoint xsi:type="SequencePoint" vc="1" uspid="30" ordinal="0" offset="0" sl="12" sc="9" el="12" ec="10" bec="0" bev="0" fileid="10" />
            </Method>
            <Method visited="false" cyclomaticComplexity="1" nPathComplexity="0" sequenceCoverage="0" branchCoverage="0" isConstructor="false" isStatic="false" isGetter="false" isSetter="false">
              <Summary numSequencePoints="3" visitedSequencePoints="0" numBranchPoints="1" visitedBranchPoints="0" sequenceCoverage="0" branchCoverage="0" maxCyclomaticComplexity="1" minCyclomaticComplexity="1" visitedClasses="0" numClasses="0" visitedMethods="0" numMethods="1" />
              <MetadataToken>100663300</MetadataToken>
              <Name>System.Int32 MSTestReport.Calculator::substract(System.Int32,System.Int32)</Name>
              <FileRef uid="10" />
              <SequencePoints>
                <SequencePoint vc="0" uspid="33" ordinal="0" offset="0" sl="17" sc="9" el="17" ec="10" bec="0" bev="0" fileid="10" />
                <SequencePoint vc="0" uspid="34" ordinal="1" offset="1" sl="18" sc="13" el="18" ec="26" bec="0" bev="0" fileid="10" />
                <SequencePoint vc="0" uspid="35" ordinal="2" offset="7" sl="19" sc="9" el="19" ec="10" bec="0" bev="0" fileid="10" />
              </SequencePoints>
              <BranchPoints />
              <MethodPoint xsi:type="SequencePoint" vc="0" uspid="33" ordinal="0" offset="0" sl="17" sc="9" el="17" ec="10" bec="0" bev="0" fileid="10" />
            </Method>
            <Method visited="true" cyclomaticComplexity="1" nPathComplexity="0" sequenceCoverage="0" branchCoverage="0" isConstructor="true" isStatic="false" isGetter="false" isSetter="false">
              <Summary numSequencePoints="0" visitedSequencePoints="0" numBranchPoints="0" visitedBranchPoints="0" sequenceCoverage="0" branchCoverage="0" maxCyclomaticComplexity="1" minCyclomaticComplexity="1" visitedClasses="0" numClasses="0" visitedMethods="0" numMethods="0" />
              <MetadataToken>100663301</MetadataToken>
              <Name>System.Void MSTestReport.Calculator::.ctor()</Name>
              <SequencePoints />
              <BranchPoints />
              <MethodPoint vc="1" uspid="36" ordinal="0" offset="0" />
            </Method>
          </Methods>
        </Class>
      </Classes>
    </Module>
  </Modules>
</CoverageSession>